------------------------------------------------------------
TimeQuest Timing Analyzer Summary
------------------------------------------------------------

Type  : Slow Model Setup 'debounce:\generate_debouncers:2:deb1|result'
Slack : -5.563
TNS   : -6.099

Type  : Slow Model Setup 'RMII2MII:conv1|rx_clk'
Slack : -4.302
TNS   : -634.015

Type  : Slow Model Setup 'RMII2MII:conv1|tx_clk'
Slack : -3.929
TNS   : -90.801

Type  : Slow Model Setup 'ETH1_CLK'
Slack : -2.818
TNS   : -11.344

Type  : Slow Model Setup 'tx:tx_instance|current_state.preamble'
Slack : -2.329
TNS   : -9.806

Type  : Slow Model Setup 'iCLK_50_2'
Slack : -1.752
TNS   : -30.370

Type  : Slow Model Hold 'debounce:\generate_debouncers:2:deb1|result'
Slack : -4.467
TNS   : -9.576

Type  : Slow Model Hold 'ETH1_CLK'
Slack : -3.938
TNS   : -28.061

Type  : Slow Model Hold 'tx:tx_instance|current_state.preamble'
Slack : -3.751
TNS   : -15.173

Type  : Slow Model Hold 'iCLK_50_2'
Slack : -2.746
TNS   : -2.746

Type  : Slow Model Hold 'RMII2MII:conv1|rx_clk'
Slack : -0.998
TNS   : -3.935

Type  : Slow Model Hold 'RMII2MII:conv1|tx_clk'
Slack : 0.529
TNS   : 0.000

Type  : Slow Model Recovery 'RMII2MII:conv1|tx_clk'
Slack : -1.459
TNS   : -2.918

Type  : Slow Model Recovery 'RMII2MII:conv1|rx_clk'
Slack : -1.109
TNS   : -56.128

Type  : Slow Model Recovery 'ETH1_CLK'
Slack : -0.964
TNS   : -17.146

Type  : Slow Model Recovery 'tx:tx_instance|current_state.preamble'
Slack : 1.801
TNS   : 0.000

Type  : Slow Model Removal 'tx:tx_instance|current_state.preamble'
Slack : -2.561
TNS   : -13.887

Type  : Slow Model Removal 'RMII2MII:conv1|tx_clk'
Slack : -0.735
TNS   : -3.708

Type  : Slow Model Removal 'RMII2MII:conv1|rx_clk'
Slack : -0.568
TNS   : -68.614

Type  : Slow Model Removal 'ETH1_CLK'
Slack : 1.327
TNS   : 0.000

Type  : Slow Model Minimum Pulse Width 'iCLK_50_2'
Slack : -1.380
TNS   : -29.380

Type  : Slow Model Minimum Pulse Width 'ETH1_CLK'
Slack : -1.222
TNS   : -22.222

Type  : Slow Model Minimum Pulse Width 'RMII2MII:conv1|rx_clk'
Slack : -0.500
TNS   : -211.000

Type  : Slow Model Minimum Pulse Width 'RMII2MII:conv1|tx_clk'
Slack : -0.500
TNS   : -56.000

Type  : Slow Model Minimum Pulse Width 'debounce:\generate_debouncers:2:deb1|result'
Slack : 0.500
TNS   : 0.000

Type  : Slow Model Minimum Pulse Width 'tx:tx_instance|current_state.preamble'
Slack : 0.500
TNS   : 0.000

Type  : Fast Model Setup 'debounce:\generate_debouncers:2:deb1|result'
Slack : -2.308
TNS   : -2.308

Type  : Fast Model Setup 'RMII2MII:conv1|tx_clk'
Slack : -1.659
TNS   : -22.506

Type  : Fast Model Setup 'RMII2MII:conv1|rx_clk'
Slack : -1.491
TNS   : -190.104

Type  : Fast Model Setup 'ETH1_CLK'
Slack : -1.143
TNS   : -2.154

Type  : Fast Model Setup 'tx:tx_instance|current_state.preamble'
Slack : -0.572
TNS   : -1.928

Type  : Fast Model Setup 'iCLK_50_2'
Slack : -0.244
TNS   : -1.624

Type  : Fast Model Hold 'debounce:\generate_debouncers:2:deb1|result'
Slack : -2.474
TNS   : -5.599

Type  : Fast Model Hold 'ETH1_CLK'
Slack : -2.108
TNS   : -15.773

Type  : Fast Model Hold 'tx:tx_instance|current_state.preamble'
Slack : -2.063
TNS   : -8.580

Type  : Fast Model Hold 'iCLK_50_2'
Slack : -1.729
TNS   : -1.729

Type  : Fast Model Hold 'RMII2MII:conv1|rx_clk'
Slack : -0.860
TNS   : -5.481

Type  : Fast Model Hold 'RMII2MII:conv1|tx_clk'
Slack : 0.152
TNS   : 0.000

Type  : Fast Model Recovery 'RMII2MII:conv1|tx_clk'
Slack : -0.716
TNS   : -1.432

Type  : Fast Model Recovery 'RMII2MII:conv1|rx_clk'
Slack : -0.071
TNS   : -0.539

Type  : Fast Model Recovery 'ETH1_CLK'
Slack : -0.013
TNS   : -0.052

Type  : Fast Model Recovery 'tx:tx_instance|current_state.preamble'
Slack : 1.419
TNS   : 0.000

Type  : Fast Model Removal 'tx:tx_instance|current_state.preamble'
Slack : -1.453
TNS   : -8.085

Type  : Fast Model Removal 'RMII2MII:conv1|tx_clk'
Slack : -0.418
TNS   : -2.196

Type  : Fast Model Removal 'RMII2MII:conv1|rx_clk'
Slack : -0.358
TNS   : -43.442

Type  : Fast Model Removal 'ETH1_CLK'
Slack : 0.674
TNS   : 0.000

Type  : Fast Model Minimum Pulse Width 'iCLK_50_2'
Slack : -1.380
TNS   : -29.380

Type  : Fast Model Minimum Pulse Width 'ETH1_CLK'
Slack : -1.222
TNS   : -22.222

Type  : Fast Model Minimum Pulse Width 'RMII2MII:conv1|rx_clk'
Slack : -0.500
TNS   : -211.000

Type  : Fast Model Minimum Pulse Width 'RMII2MII:conv1|tx_clk'
Slack : -0.500
TNS   : -56.000

Type  : Fast Model Minimum Pulse Width 'debounce:\generate_debouncers:2:deb1|result'
Slack : 0.500
TNS   : 0.000

Type  : Fast Model Minimum Pulse Width 'tx:tx_instance|current_state.preamble'
Slack : 0.500
TNS   : 0.000

------------------------------------------------------------
