Analysis & Synthesis report for OVPN
Wed Dec 07 13:13:30 2016
Quartus II 64-Bit Version 13.0.1 Build 232 06/12/2013 Service Pack 1 SJ Web Edition


---------------------
; Table of Contents ;
---------------------
  1. Legal Notice
  2. Analysis & Synthesis Summary
  3. Analysis & Synthesis Settings
  4. Parallel Compilation
  5. Analysis & Synthesis Source Files Read
  6. Analysis & Synthesis Resource Usage Summary
  7. Analysis & Synthesis Resource Utilization by Entity
  8. State Machine - |OVPN|rx:rx_instance|current_state
  9. Registers Removed During Synthesis
 10. General Register Statistics
 11. Inverted Register Statistics
 12. Multiplexer Restructuring Statistics (Restructuring Performed)
 13. Parameter Settings for User Entity Instance: debounce:\generate_debouncers:0:deb1
 14. Parameter Settings for User Entity Instance: debounce:\generate_debouncers:1:deb1
 15. Parameter Settings for User Entity Instance: debounce:\generate_debouncers:2:deb1
 16. Parameter Settings for User Entity Instance: debounce:\generate_debouncers:3:deb1
 17. Parameter Settings for User Entity Instance: rx:rx_instance
 18. Port Connectivity Checks: "rx:rx_instance"
 19. Port Connectivity Checks: "debounce:\generate_debouncers:1:deb1"
 20. Port Connectivity Checks: "debounce:\generate_debouncers:0:deb1"
 21. Port Connectivity Checks: "RMII2MII:conv2"
 22. Port Connectivity Checks: "RMII2MII:conv1"
 23. Elapsed Time Per Partition
 24. Analysis & Synthesis Messages



----------------
; Legal Notice ;
----------------
Copyright (C) 1991-2013 Altera Corporation
Your use of Altera Corporation's design tools, logic functions 
and other software and tools, and its AMPP partner logic 
functions, and any output files from any of the foregoing 
(including device programming or simulation files), and any 
associated documentation or information are expressly subject 
to the terms and conditions of the Altera Program License 
Subscription Agreement, Altera MegaCore Function License 
Agreement, or other applicable license agreement, including, 
without limitation, that your use is for the sole purpose of 
programming logic devices manufactured by Altera and sold by 
Altera or its authorized distributors.  Please refer to the 
applicable agreement for further details.



+--------------------------------------------------------------------------------------+
; Analysis & Synthesis Summary                                                         ;
+------------------------------------+-------------------------------------------------+
; Analysis & Synthesis Status        ; Successful - Wed Dec 07 13:13:30 2016           ;
; Quartus II 64-Bit Version          ; 13.0.1 Build 232 06/12/2013 SP 1 SJ Web Edition ;
; Revision Name                      ; OVPN                                            ;
; Top-level Entity Name              ; OVPN                                            ;
; Family                             ; Cyclone II                                      ;
; Total logic elements               ; 373                                             ;
;     Total combinational functions  ; 312                                             ;
;     Dedicated logic registers      ; 179                                             ;
; Total registers                    ; 179                                             ;
; Total pins                         ; 114                                             ;
; Total virtual pins                 ; 0                                               ;
; Total memory bits                  ; 0                                               ;
; Embedded Multiplier 9-bit elements ; 0                                               ;
; Total PLLs                         ; 0                                               ;
+------------------------------------+-------------------------------------------------+


+----------------------------------------------------------------------------------------------------------------------+
; Analysis & Synthesis Settings                                                                                        ;
+----------------------------------------------------------------------------+--------------------+--------------------+
; Option                                                                     ; Setting            ; Default Value      ;
+----------------------------------------------------------------------------+--------------------+--------------------+
; Device                                                                     ; EP2C70F896C6       ;                    ;
; Top-level entity name                                                      ; OVPN               ; OVPN               ;
; Family name                                                                ; Cyclone II         ; Cyclone IV GX      ;
; VHDL Show LMF Mapping Messages                                             ; Off                ;                    ;
; VHDL Version                                                               ; VHDL_2008          ; VHDL_1993          ;
; Use smart compilation                                                      ; Off                ; Off                ;
; Enable parallel Assembler and TimeQuest Timing Analyzer during compilation ; On                 ; On                 ;
; Enable compact report table                                                ; Off                ; Off                ;
; Restructure Multiplexers                                                   ; Auto               ; Auto               ;
; Create Debugging Nodes for IP Cores                                        ; Off                ; Off                ;
; Preserve fewer node names                                                  ; On                 ; On                 ;
; Disable OpenCore Plus hardware evaluation                                  ; Off                ; Off                ;
; Verilog Version                                                            ; Verilog_2001       ; Verilog_2001       ;
; State Machine Processing                                                   ; Auto               ; Auto               ;
; Safe State Machine                                                         ; Off                ; Off                ;
; Extract Verilog State Machines                                             ; On                 ; On                 ;
; Extract VHDL State Machines                                                ; On                 ; On                 ;
; Ignore Verilog initial constructs                                          ; Off                ; Off                ;
; Iteration limit for constant Verilog loops                                 ; 5000               ; 5000               ;
; Iteration limit for non-constant Verilog loops                             ; 250                ; 250                ;
; Add Pass-Through Logic to Inferred RAMs                                    ; On                 ; On                 ;
; Infer RAMs from Raw Logic                                                  ; On                 ; On                 ;
; Parallel Synthesis                                                         ; On                 ; On                 ;
; DSP Block Balancing                                                        ; Auto               ; Auto               ;
; NOT Gate Push-Back                                                         ; On                 ; On                 ;
; Power-Up Don't Care                                                        ; On                 ; On                 ;
; Remove Redundant Logic Cells                                               ; Off                ; Off                ;
; Remove Duplicate Registers                                                 ; On                 ; On                 ;
; Ignore CARRY Buffers                                                       ; Off                ; Off                ;
; Ignore CASCADE Buffers                                                     ; Off                ; Off                ;
; Ignore GLOBAL Buffers                                                      ; Off                ; Off                ;
; Ignore ROW GLOBAL Buffers                                                  ; Off                ; Off                ;
; Ignore LCELL Buffers                                                       ; Off                ; Off                ;
; Ignore SOFT Buffers                                                        ; On                 ; On                 ;
; Limit AHDL Integers to 32 Bits                                             ; Off                ; Off                ;
; Optimization Technique                                                     ; Balanced           ; Balanced           ;
; Carry Chain Length                                                         ; 70                 ; 70                 ;
; Auto Carry Chains                                                          ; On                 ; On                 ;
; Auto Open-Drain Pins                                                       ; On                 ; On                 ;
; Perform WYSIWYG Primitive Resynthesis                                      ; Off                ; Off                ;
; Auto ROM Replacement                                                       ; On                 ; On                 ;
; Auto RAM Replacement                                                       ; On                 ; On                 ;
; Auto Shift Register Replacement                                            ; Auto               ; Auto               ;
; Allow Shift Register Merging across Hierarchies                            ; Auto               ; Auto               ;
; Auto Clock Enable Replacement                                              ; On                 ; On                 ;
; Strict RAM Replacement                                                     ; Off                ; Off                ;
; Allow Synchronous Control Signals                                          ; On                 ; On                 ;
; Force Use of Synchronous Clear Signals                                     ; Off                ; Off                ;
; Auto RAM to Logic Cell Conversion                                          ; Off                ; Off                ;
; Auto Resource Sharing                                                      ; Off                ; Off                ;
; Allow Any RAM Size For Recognition                                         ; Off                ; Off                ;
; Allow Any ROM Size For Recognition                                         ; Off                ; Off                ;
; Allow Any Shift Register Size For Recognition                              ; Off                ; Off                ;
; Use LogicLock Constraints during Resource Balancing                        ; On                 ; On                 ;
; Ignore translate_off and synthesis_off directives                          ; Off                ; Off                ;
; Timing-Driven Synthesis                                                    ; Off                ; Off                ;
; Report Parameter Settings                                                  ; On                 ; On                 ;
; Report Source Assignments                                                  ; On                 ; On                 ;
; Report Connectivity Checks                                                 ; On                 ; On                 ;
; Ignore Maximum Fan-Out Assignments                                         ; Off                ; Off                ;
; Synchronization Register Chain Length                                      ; 2                  ; 2                  ;
; PowerPlay Power Optimization                                               ; Normal compilation ; Normal compilation ;
; HDL message level                                                          ; Level2             ; Level2             ;
; Suppress Register Optimization Related Messages                            ; Off                ; Off                ;
; Number of Removed Registers Reported in Synthesis Report                   ; 5000               ; 5000               ;
; Number of Swept Nodes Reported in Synthesis Report                         ; 5000               ; 5000               ;
; Number of Inverted Registers Reported in Synthesis Report                  ; 100                ; 100                ;
; Clock MUX Protection                                                       ; On                 ; On                 ;
; Auto Gated Clock Conversion                                                ; Off                ; Off                ;
; Block Design Naming                                                        ; Auto               ; Auto               ;
; SDC constraint protection                                                  ; Off                ; Off                ;
; Synthesis Effort                                                           ; Auto               ; Auto               ;
; Shift Register Replacement - Allow Asynchronous Clear Signal               ; On                 ; On                 ;
; Pre-Mapping Resynthesis Optimization                                       ; Off                ; Off                ;
; Analysis & Synthesis Message Level                                         ; Medium             ; Medium             ;
; Disable Register Merging Across Hierarchies                                ; Auto               ; Auto               ;
; Resource Aware Inference For Block RAM                                     ; On                 ; On                 ;
; Synthesis Seed                                                             ; 1                  ; 1                  ;
+----------------------------------------------------------------------------+--------------------+--------------------+


Parallel compilation was disabled, but you have multiple processors available. Enable parallel compilation to reduce compilation time.
+-------------------------------------+
; Parallel Compilation                ;
+----------------------------+--------+
; Processors                 ; Number ;
+----------------------------+--------+
; Number detected on machine ; 4      ;
; Maximum allowed            ; 1      ;
+----------------------------+--------+


+------------------------------------------------------------------------------------------------------------------------------------+
; Analysis & Synthesis Source Files Read                                                                                             ;
+----------------------------------+-----------------+-----------------+---------------------------------------------------+---------+
; File Name with User-Entered Path ; Used in Netlist ; File Type       ; File Name with Absolute Path                      ; Library ;
+----------------------------------+-----------------+-----------------+---------------------------------------------------+---------+
; RMII2MII_conv.vhd                ; yes             ; User VHDL File  ; C:/Users/Student/Documents/FPGA/RMII2MII_conv.vhd ;         ;
; OVPN.vhd                         ; yes             ; User VHDL File  ; C:/Users/Student/Documents/FPGA/OVPN.vhd          ;         ;
; rxcounters.vhd                   ; yes             ; User VHDL File  ; C:/Users/Student/Documents/FPGA/rxcounters.vhd    ;         ;
; rx.vhd                           ; yes             ; User VHDL File  ; C:/Users/Student/Documents/FPGA/rx.vhd            ;         ;
; debouncer.vhd                    ; yes             ; User VHDL File  ; C:/Users/Student/Documents/FPGA/debouncer.vhd     ;         ;
; common.vhd                       ; yes             ; User VHDL File  ; C:/Users/Student/Documents/FPGA/common.vhd        ;         ;
; byteto7seg.vhd                   ; yes             ; User VHDL File  ; C:/Users/Student/Documents/FPGA/byteto7seg.vhd    ;         ;
+----------------------------------+-----------------+-----------------+---------------------------------------------------+---------+


+---------------------------------------------------------------------+
; Analysis & Synthesis Resource Usage Summary                         ;
+---------------------------------------------+-----------------------+
; Resource                                    ; Usage                 ;
+---------------------------------------------+-----------------------+
; Estimated Total logic elements              ; 373                   ;
;                                             ;                       ;
; Total combinational functions               ; 312                   ;
; Logic element usage by number of LUT inputs ;                       ;
;     -- 4 input functions                    ; 181                   ;
;     -- 3 input functions                    ; 14                    ;
;     -- <=2 input functions                  ; 117                   ;
;                                             ;                       ;
; Logic elements by mode                      ;                       ;
;     -- normal mode                          ; 217                   ;
;     -- arithmetic mode                      ; 95                    ;
;                                             ;                       ;
; Total registers                             ; 179                   ;
;     -- Dedicated logic registers            ; 179                   ;
;     -- I/O registers                        ; 0                     ;
;                                             ;                       ;
; I/O pins                                    ; 114                   ;
; Embedded Multiplier 9-bit elements          ; 0                     ;
; Maximum fan-out node                        ; RMII2MII:conv1|rx_clk ;
; Maximum fan-out                             ; 142                   ;
; Total fan-out                               ; 1695                  ;
; Average fan-out                             ; 2.80                  ;
+---------------------------------------------+-----------------------+


+-------------------------------------------------------------------------------------------------------------------------------------------------------------------------------------------------------------------+
; Analysis & Synthesis Resource Utilization by Entity                                                                                                                                                               ;
+-------------------------------------------+-------------------+--------------+-------------+--------------+---------+-----------+------+--------------+--------------------------------------------+--------------+
; Compilation Hierarchy Node                ; LC Combinationals ; LC Registers ; Memory Bits ; DSP Elements ; DSP 9x9 ; DSP 18x18 ; Pins ; Virtual Pins ; Full Hierarchy Name                        ; Library Name ;
+-------------------------------------------+-------------------+--------------+-------------+--------------+---------+-----------+------+--------------+--------------------------------------------+--------------+
; |OVPN                                     ; 312 (2)           ; 179 (0)      ; 0           ; 0            ; 0       ; 0         ; 114  ; 0            ; |OVPN                                      ; work         ;
;    |RMII2MII:conv1|                       ; 10 (10)           ; 16 (16)      ; 0           ; 0            ; 0       ; 0         ; 0    ; 0            ; |OVPN|RMII2MII:conv1                       ; work         ;
;    |byteto7seg:\generate_decoders:0:dec|  ; 7 (7)             ; 0 (0)        ; 0           ; 0            ; 0       ; 0         ; 0    ; 0            ; |OVPN|byteto7seg:\generate_decoders:0:dec  ; work         ;
;    |byteto7seg:\generate_decoders:1:dec|  ; 7 (7)             ; 0 (0)        ; 0           ; 0            ; 0       ; 0         ; 0    ; 0            ; |OVPN|byteto7seg:\generate_decoders:1:dec  ; work         ;
;    |byteto7seg:\generate_decoders:2:dec|  ; 7 (7)             ; 0 (0)        ; 0           ; 0            ; 0       ; 0         ; 0    ; 0            ; |OVPN|byteto7seg:\generate_decoders:2:dec  ; work         ;
;    |byteto7seg:\generate_decoders:3:dec|  ; 7 (7)             ; 0 (0)        ; 0           ; 0            ; 0       ; 0         ; 0    ; 0            ; |OVPN|byteto7seg:\generate_decoders:3:dec  ; work         ;
;    |byteto7seg:\generate_decoders:4:dec|  ; 7 (7)             ; 0 (0)        ; 0           ; 0            ; 0       ; 0         ; 0    ; 0            ; |OVPN|byteto7seg:\generate_decoders:4:dec  ; work         ;
;    |byteto7seg:\generate_decoders:5:dec|  ; 7 (7)             ; 0 (0)        ; 0           ; 0            ; 0       ; 0         ; 0    ; 0            ; |OVPN|byteto7seg:\generate_decoders:5:dec  ; work         ;
;    |byteto7seg:\generate_decoders:6:dec|  ; 7 (7)             ; 0 (0)        ; 0           ; 0            ; 0       ; 0         ; 0    ; 0            ; |OVPN|byteto7seg:\generate_decoders:6:dec  ; work         ;
;    |byteto7seg:\generate_decoders:7:dec|  ; 7 (7)             ; 0 (0)        ; 0           ; 0            ; 0       ; 0         ; 0    ; 0            ; |OVPN|byteto7seg:\generate_decoders:7:dec  ; work         ;
;    |debounce:\generate_debouncers:2:deb1| ; 25 (25)           ; 14 (14)      ; 0           ; 0            ; 0       ; 0         ; 0    ; 0            ; |OVPN|debounce:\generate_debouncers:2:deb1 ; work         ;
;    |debounce:\generate_debouncers:3:deb1| ; 25 (25)           ; 14 (14)      ; 0           ; 0            ; 0       ; 0         ; 0    ; 0            ; |OVPN|debounce:\generate_debouncers:3:deb1 ; work         ;
;    |rx:rx_instance|                       ; 194 (167)         ; 135 (118)    ; 0           ; 0            ; 0       ; 0         ; 0    ; 0            ; |OVPN|rx:rx_instance                       ; work         ;
;       |rxcounters:counters|               ; 27 (27)           ; 17 (17)      ; 0           ; 0            ; 0       ; 0         ; 0    ; 0            ; |OVPN|rx:rx_instance|rxcounters:counters   ; work         ;
+-------------------------------------------+-------------------+--------------+-------------+--------------+---------+-----------+------+--------------+--------------------------------------------+--------------+
Note: For table entries with two numbers listed, the numbers in parentheses indicate the number of resources of the given type used by the specific entity alone. The numbers listed outside of parentheses indicate the total resources of the given type used by the specific entity and all of its sub-entities in the hierarchy.


Encoding Type:  One-Hot
+------------------------------------------------------------------------------------------------------------------------------------------------------------------------------+
; State Machine - |OVPN|rx:rx_instance|current_state                                                                                                                           ;
+------------------------+------------------+---------------------+---------------------+-------------------+--------------------+--------------------+------------------------+
; Name                   ; current_state.OK ; current_state.data0 ; current_state.data1 ; current_state.sfd ; current_state.drop ; current_state.idle ; current_state.preamble ;
+------------------------+------------------+---------------------+---------------------+-------------------+--------------------+--------------------+------------------------+
; current_state.preamble ; 0                ; 0                   ; 0                   ; 0                 ; 0                  ; 0                  ; 0                      ;
; current_state.idle     ; 0                ; 0                   ; 0                   ; 0                 ; 0                  ; 1                  ; 1                      ;
; current_state.drop     ; 0                ; 0                   ; 0                   ; 0                 ; 1                  ; 0                  ; 1                      ;
; current_state.sfd      ; 0                ; 0                   ; 0                   ; 1                 ; 0                  ; 0                  ; 1                      ;
; current_state.data1    ; 0                ; 0                   ; 1                   ; 0                 ; 0                  ; 0                  ; 1                      ;
; current_state.data0    ; 0                ; 1                   ; 0                   ; 0                 ; 0                  ; 0                  ; 1                      ;
; current_state.OK       ; 1                ; 0                   ; 0                   ; 0                 ; 0                  ; 0                  ; 1                      ;
+------------------------+------------------+---------------------+---------------------+-------------------+--------------------+--------------------+------------------------+


+--------------------------------------------------------------------------------+
; Registers Removed During Synthesis                                             ;
+---------------------------------------+----------------------------------------+
; Register name                         ; Reason for Removal                     ;
+---------------------------------------+----------------------------------------+
; RMII2MII:conv2|txd_intern[0,1]        ; Stuck at GND due to stuck port data_in ;
; RMII2MII:conv2|txen                   ; Stuck at GND due to stuck port data_in ;
; RMII2MII:conv1|txd_intern[0,1]        ; Stuck at GND due to stuck port data_in ;
; RMII2MII:conv1|txen                   ; Stuck at GND due to stuck port data_in ;
; RMII2MII:conv2|txstat                 ; Stuck at GND due to stuck port data_in ;
; RMII2MII:conv1|txstat                 ; Stuck at GND due to stuck port data_in ;
; rx:rx_instance|current_state.OK       ; Lost fanout                            ;
; Total Number of Removed Registers = 9 ;                                        ;
+---------------------------------------+----------------------------------------+


+------------------------------------------------------+
; General Register Statistics                          ;
+----------------------------------------------+-------+
; Statistic                                    ; Value ;
+----------------------------------------------+-------+
; Total registers                              ; 179   ;
; Number of registers using Synchronous Clear  ; 17    ;
; Number of registers using Synchronous Load   ; 0     ;
; Number of registers using Asynchronous Clear ; 133   ;
; Number of registers using Asynchronous Load  ; 0     ;
; Number of registers using Clock Enable       ; 121   ;
; Number of registers using Preset             ; 0     ;
+----------------------------------------------+-------+


+--------------------------------------------------+
; Inverted Register Statistics                     ;
+----------------------------------------+---------+
; Inverted Register                      ; Fan out ;
+----------------------------------------+---------+
; rx:rx_instance|IFGStart                ; 6       ;
; Total number of inverted registers = 1 ;         ;
+----------------------------------------+---------+


+--------------------------------------------------------------------------------------------------------------------------------------------------------------------------------+
; Multiplexer Restructuring Statistics (Restructuring Performed)                                                                                                                 ;
+--------------------+-----------+---------------+----------------------+------------------------+------------+------------------------------------------------------------------+
; Multiplexer Inputs ; Bus Width ; Baseline Area ; Area if Restructured ; Saving if Restructured ; Registered ; Example Multiplexer Output                                       ;
+--------------------+-----------+---------------+----------------------+------------------------+------------+------------------------------------------------------------------+
; 3:1                ; 4 bits    ; 8 LEs         ; 4 LEs                ; 4 LEs                  ; Yes        ; |OVPN|RMII2MII:conv1|out_rxd_intern[1]                           ;
; 3:1                ; 10 bits   ; 20 LEs        ; 10 LEs               ; 10 LEs                 ; Yes        ; |OVPN|debounce:\generate_debouncers:2:deb1|counter_out[2]        ;
; 3:1                ; 10 bits   ; 20 LEs        ; 10 LEs               ; 10 LEs                 ; Yes        ; |OVPN|debounce:\generate_debouncers:3:deb1|counter_out[2]        ;
; 4:1                ; 4 bits    ; 8 LEs         ; 0 LEs                ; 8 LEs                  ; Yes        ; |OVPN|rx:rx_instance|DstMac[47]                                  ;
; 4:1                ; 4 bits    ; 8 LEs         ; 0 LEs                ; 8 LEs                  ; Yes        ; |OVPN|rx:rx_instance|DstMac[40]                                  ;
; 4:1                ; 4 bits    ; 8 LEs         ; 0 LEs                ; 8 LEs                  ; Yes        ; |OVPN|rx:rx_instance|DstMac[36]                                  ;
; 4:1                ; 4 bits    ; 8 LEs         ; 0 LEs                ; 8 LEs                  ; Yes        ; |OVPN|rx:rx_instance|DstMac[32]                                  ;
; 4:1                ; 4 bits    ; 8 LEs         ; 0 LEs                ; 8 LEs                  ; Yes        ; |OVPN|rx:rx_instance|DstMac[29]                                  ;
; 4:1                ; 4 bits    ; 8 LEs         ; 0 LEs                ; 8 LEs                  ; Yes        ; |OVPN|rx:rx_instance|DstMac[25]                                  ;
; 4:1                ; 4 bits    ; 8 LEs         ; 0 LEs                ; 8 LEs                  ; Yes        ; |OVPN|rx:rx_instance|DstMac[23]                                  ;
; 4:1                ; 4 bits    ; 8 LEs         ; 0 LEs                ; 8 LEs                  ; Yes        ; |OVPN|rx:rx_instance|DstMac[18]                                  ;
; 4:1                ; 4 bits    ; 8 LEs         ; 0 LEs                ; 8 LEs                  ; Yes        ; |OVPN|rx:rx_instance|DstMac[12]                                  ;
; 4:1                ; 4 bits    ; 8 LEs         ; 0 LEs                ; 8 LEs                  ; Yes        ; |OVPN|rx:rx_instance|DstMac[11]                                  ;
; 4:1                ; 4 bits    ; 8 LEs         ; 0 LEs                ; 8 LEs                  ; Yes        ; |OVPN|rx:rx_instance|DstMac[7]                                   ;
; 4:1                ; 4 bits    ; 8 LEs         ; 0 LEs                ; 8 LEs                  ; Yes        ; |OVPN|rx:rx_instance|DstMac[0]                                   ;
; 3:1                ; 5 bits    ; 10 LEs        ; 5 LEs                ; 5 LEs                  ; Yes        ; |OVPN|rx:rx_instance|rxcounters:counters|IFGCnt[4]               ;
; 3:1                ; 2 bits    ; 4 LEs         ; 2 LEs                ; 2 LEs                  ; No         ; |OVPN|rx:rx_instance|rxcounters:counters|CurrentField.frame_type ;
+--------------------+-----------+---------------+----------------------+------------------------+------------+------------------------------------------------------------------+


+-----------------------------------------------------------------------------------+
; Parameter Settings for User Entity Instance: debounce:\generate_debouncers:0:deb1 ;
+----------------+-------+----------------------------------------------------------+
; Parameter Name ; Value ; Type                                                     ;
+----------------+-------+----------------------------------------------------------+
; counter_size   ; 10    ; Signed Integer                                           ;
+----------------+-------+----------------------------------------------------------+
Note: In order to hide this table in the UI and the text report file, please set the "Show Parameter Settings in Synthesis Report" option in "Analysis and Synthesis Settings -> More Settings" to "Off".


+-----------------------------------------------------------------------------------+
; Parameter Settings for User Entity Instance: debounce:\generate_debouncers:1:deb1 ;
+----------------+-------+----------------------------------------------------------+
; Parameter Name ; Value ; Type                                                     ;
+----------------+-------+----------------------------------------------------------+
; counter_size   ; 10    ; Signed Integer                                           ;
+----------------+-------+----------------------------------------------------------+
Note: In order to hide this table in the UI and the text report file, please set the "Show Parameter Settings in Synthesis Report" option in "Analysis and Synthesis Settings -> More Settings" to "Off".


+-----------------------------------------------------------------------------------+
; Parameter Settings for User Entity Instance: debounce:\generate_debouncers:2:deb1 ;
+----------------+-------+----------------------------------------------------------+
; Parameter Name ; Value ; Type                                                     ;
+----------------+-------+----------------------------------------------------------+
; counter_size   ; 10    ; Signed Integer                                           ;
+----------------+-------+----------------------------------------------------------+
Note: In order to hide this table in the UI and the text report file, please set the "Show Parameter Settings in Synthesis Report" option in "Analysis and Synthesis Settings -> More Settings" to "Off".


+-----------------------------------------------------------------------------------+
; Parameter Settings for User Entity Instance: debounce:\generate_debouncers:3:deb1 ;
+----------------+-------+----------------------------------------------------------+
; Parameter Name ; Value ; Type                                                     ;
+----------------+-------+----------------------------------------------------------+
; counter_size   ; 10    ; Signed Integer                                           ;
+----------------+-------+----------------------------------------------------------+
Note: In order to hide this table in the UI and the text report file, please set the "Show Parameter Settings in Synthesis Report" option in "Analysis and Synthesis Settings -> More Settings" to "Off".


+-------------------------------------------------------------------------------------+
; Parameter Settings for User Entity Instance: rx:rx_instance                         ;
+----------------+--------------------------------------------------+-----------------+
; Parameter Name ; Value                                            ; Type            ;
+----------------+--------------------------------------------------+-----------------+
; localmac       ; 110010101111111011000000110111101011101010111110 ; Unsigned Binary ;
+----------------+--------------------------------------------------+-----------------+
Note: In order to hide this table in the UI and the text report file, please set the "Show Parameter Settings in Synthesis Report" option in "Analysis and Synthesis Settings -> More Settings" to "Off".


+------------------------------------------------------------------------------------------------------------------------------+
; Port Connectivity Checks: "rx:rx_instance"                                                                                   ;
+--------------------+--------+----------+-------------------------------------------------------------------------------------+
; Port               ; Type   ; Severity ; Details                                                                             ;
+--------------------+--------+----------+-------------------------------------------------------------------------------------+
; framecntddebug     ; Output ; Info     ; Connected to dangling logic. Logic that only feeds a dangling port will be removed. ;
; ifgcntddebug       ; Output ; Info     ; Connected to dangling logic. Logic that only feeds a dangling port will be removed. ;
; dstmacdebug[15..0] ; Output ; Info     ; Connected to dangling logic. Logic that only feeds a dangling port will be removed. ;
; frametypedebug     ; Output ; Info     ; Connected to dangling logic. Logic that only feeds a dangling port will be removed. ;
+--------------------+--------+----------+-------------------------------------------------------------------------------------+


+------------------------------------------------------------------------------------------------------------------+
; Port Connectivity Checks: "debounce:\generate_debouncers:1:deb1"                                                 ;
+--------+--------+----------+-------------------------------------------------------------------------------------+
; Port   ; Type   ; Severity ; Details                                                                             ;
+--------+--------+----------+-------------------------------------------------------------------------------------+
; result ; Output ; Info     ; Connected to dangling logic. Logic that only feeds a dangling port will be removed. ;
+--------+--------+----------+-------------------------------------------------------------------------------------+


+------------------------------------------------------------------------------------------------------------------+
; Port Connectivity Checks: "debounce:\generate_debouncers:0:deb1"                                                 ;
+--------+--------+----------+-------------------------------------------------------------------------------------+
; Port   ; Type   ; Severity ; Details                                                                             ;
+--------+--------+----------+-------------------------------------------------------------------------------------+
; result ; Output ; Info     ; Connected to dangling logic. Logic that only feeds a dangling port will be removed. ;
+--------+--------+----------+-------------------------------------------------------------------------------------+


+----------------------------------------------------------------------------------------------------------------------+
; Port Connectivity Checks: "RMII2MII:conv2"                                                                           ;
+------------+--------+----------+-------------------------------------------------------------------------------------+
; Port       ; Type   ; Severity ; Details                                                                             ;
+------------+--------+----------+-------------------------------------------------------------------------------------+
; mac_rxd    ; Output ; Info     ; Connected to dangling logic. Logic that only feeds a dangling port will be removed. ;
; mac_rx_clk ; Output ; Info     ; Connected to dangling logic. Logic that only feeds a dangling port will be removed. ;
; mac_rx_dv  ; Output ; Info     ; Connected to dangling logic. Logic that only feeds a dangling port will be removed. ;
; mac_tx_clk ; Output ; Info     ; Connected to dangling logic. Logic that only feeds a dangling port will be removed. ;
+------------+--------+----------+-------------------------------------------------------------------------------------+


+----------------------------------------------------------------------------------------------------------------------+
; Port Connectivity Checks: "RMII2MII:conv1"                                                                           ;
+------------+--------+----------+-------------------------------------------------------------------------------------+
; Port       ; Type   ; Severity ; Details                                                                             ;
+------------+--------+----------+-------------------------------------------------------------------------------------+
; mac_tx_clk ; Output ; Info     ; Connected to dangling logic. Logic that only feeds a dangling port will be removed. ;
+------------+--------+----------+-------------------------------------------------------------------------------------+


+-------------------------------+
; Elapsed Time Per Partition    ;
+----------------+--------------+
; Partition Name ; Elapsed Time ;
+----------------+--------------+
; Top            ; 00:00:00     ;
+----------------+--------------+


+-------------------------------+
; Analysis & Synthesis Messages ;
+-------------------------------+
Info: *******************************************************************
Info: Running Quartus II 64-Bit Analysis & Synthesis
    Info: Version 13.0.1 Build 232 06/12/2013 Service Pack 1 SJ Web Edition
    Info: Processing started: Wed Dec 07 13:13:28 2016
Info: Command: quartus_map --read_settings_files=on --write_settings_files=off OVPN -c OVPN
Warning (20028): Parallel compilation is not licensed and has been disabled
Info (12021): Found 2 design units, including 1 entities, in source file rmii2mii_conv.vhd
    Info (12022): Found design unit 1: RMII2MII-arch_RMII2MII
    Info (12023): Found entity 1: RMII2MII
Info (12021): Found 2 design units, including 1 entities, in source file ovpn.vhd
    Info (12022): Found design unit 1: OVPN-RTL
    Info (12023): Found entity 1: OVPN
Info (12021): Found 2 design units, including 1 entities, in source file rxcounters.vhd
    Info (12022): Found design unit 1: rxcounters-RTL
    Info (12023): Found entity 1: rxcounters
Info (12021): Found 2 design units, including 1 entities, in source file rx.vhd
    Info (12022): Found design unit 1: rx-RTL
    Info (12023): Found entity 1: rx
Info (12021): Found 2 design units, including 1 entities, in source file debouncer.vhd
    Info (12022): Found design unit 1: debounce-logic
    Info (12023): Found entity 1: debounce
Info (12021): Found 1 design units, including 0 entities, in source file common.vhd
    Info (12022): Found design unit 1: common
Info (12021): Found 2 design units, including 1 entities, in source file byteto7seg.vhd
    Info (12022): Found design unit 1: byteto7seg-RTL
    Info (12023): Found entity 1: byteto7seg
Info (12127): Elaborating entity "OVPN" for the top level hierarchy
Warning (10541): VHDL Signal Declaration warning at OVPN.vhd(17): used implicit default value for signal "oHEX0_DP" because signal was never assigned a value or an explicit default value. Use of implicit default value may introduce unintended design optimizations.
Warning (10541): VHDL Signal Declaration warning at OVPN.vhd(19): used implicit default value for signal "oHEX1_DP" because signal was never assigned a value or an explicit default value. Use of implicit default value may introduce unintended design optimizations.
Warning (10541): VHDL Signal Declaration warning at OVPN.vhd(21): used implicit default value for signal "oHEX2_DP" because signal was never assigned a value or an explicit default value. Use of implicit default value may introduce unintended design optimizations.
Warning (10541): VHDL Signal Declaration warning at OVPN.vhd(23): used implicit default value for signal "oHEX3_DP" because signal was never assigned a value or an explicit default value. Use of implicit default value may introduce unintended design optimizations.
Warning (10541): VHDL Signal Declaration warning at OVPN.vhd(25): used implicit default value for signal "oHEX4_DP" because signal was never assigned a value or an explicit default value. Use of implicit default value may introduce unintended design optimizations.
Warning (10541): VHDL Signal Declaration warning at OVPN.vhd(27): used implicit default value for signal "oHEX5_DP" because signal was never assigned a value or an explicit default value. Use of implicit default value may introduce unintended design optimizations.
Warning (10541): VHDL Signal Declaration warning at OVPN.vhd(29): used implicit default value for signal "oHEX6_DP" because signal was never assigned a value or an explicit default value. Use of implicit default value may introduce unintended design optimizations.
Warning (10541): VHDL Signal Declaration warning at OVPN.vhd(31): used implicit default value for signal "oHEX7_DP" because signal was never assigned a value or an explicit default value. Use of implicit default value may introduce unintended design optimizations.
Warning (10541): VHDL Signal Declaration warning at OVPN.vhd(114): used implicit default value for signal "mETH1_TX" because signal was never assigned a value or an explicit default value. Use of implicit default value may introduce unintended design optimizations.
Warning (10036): Verilog HDL or VHDL warning at OVPN.vhd(116): object "mETH1_TX_CLK" assigned a value but never read
Warning (10541): VHDL Signal Declaration warning at OVPN.vhd(118): used implicit default value for signal "mETH1_TX_EN" because signal was never assigned a value or an explicit default value. Use of implicit default value may introduce unintended design optimizations.
Warning (10036): Verilog HDL or VHDL warning at OVPN.vhd(121): object "mETH2_RX" assigned a value but never read
Warning (10541): VHDL Signal Declaration warning at OVPN.vhd(122): used implicit default value for signal "mETH2_TX" because signal was never assigned a value or an explicit default value. Use of implicit default value may introduce unintended design optimizations.
Warning (10036): Verilog HDL or VHDL warning at OVPN.vhd(123): object "mETH2_RX_CLK" assigned a value but never read
Warning (10036): Verilog HDL or VHDL warning at OVPN.vhd(124): object "mETH2_TX_CLK" assigned a value but never read
Warning (10036): Verilog HDL or VHDL warning at OVPN.vhd(125): object "mETH2_RX_DV" assigned a value but never read
Warning (10541): VHDL Signal Declaration warning at OVPN.vhd(126): used implicit default value for signal "mETH2_TX_EN" because signal was never assigned a value or an explicit default value. Use of implicit default value may introduce unintended design optimizations.
Warning (10036): Verilog HDL or VHDL warning at OVPN.vhd(141): object "RxValidDataIn" assigned a value but never read
Warning (10036): Verilog HDL or VHDL warning at OVPN.vhd(152): object "FrameCntNIB" assigned a value but never read
Warning (10873): Using initial value X (don't care) for net "oLEDG[7]" at OVPN.vhd(13)
Warning (10873): Using initial value X (don't care) for net "oLEDR[13]" at OVPN.vhd(14)
Warning (10873): Using initial value X (don't care) for net "oLEDR[10..6]" at OVPN.vhd(14)
Info (12128): Elaborating entity "RMII2MII" for hierarchy "RMII2MII:conv1"
Info (12128): Elaborating entity "byteto7seg" for hierarchy "byteto7seg:\generate_decoders:0:dec"
Info (12128): Elaborating entity "debounce" for hierarchy "debounce:\generate_debouncers:0:deb1"
Info (12128): Elaborating entity "rx" for hierarchy "rx:rx_instance"
Warning (10036): Verilog HDL or VHDL warning at rx.vhd(57): object "ByteEq0xAA" assigned a value but never read
Warning (10036): Verilog HDL or VHDL warning at rx.vhd(61): object "FrameTypeValid" assigned a value but never read
Warning (10492): VHDL Process Statement warning at rx.vhd(255): signal "current_state" is read inside the Process Statement but isn't in the Process Statement's sensitivity list
Warning (10492): VHDL Process Statement warning at rx.vhd(255): signal "CurrentField" is read inside the Process Statement but isn't in the Process Statement's sensitivity list
Warning (10492): VHDL Process Statement warning at rx.vhd(277): signal "CurrentField" is read inside the Process Statement but isn't in the Process Statement's sensitivity list
Warning (10492): VHDL Process Statement warning at rx.vhd(277): signal "current_state" is read inside the Process Statement but isn't in the Process Statement's sensitivity list
Info (12128): Elaborating entity "rxcounters" for hierarchy "rx:rx_instance|rxcounters:counters"
Info (13000): Registers with preset signals will power-up high
Info (13003): DEV_CLRn pin will set, and not reset, register with preset signal due to NOT Gate Push-Back
Warning (13024): Output pins are stuck at VCC or GND
    Warning (13410): Pin "oLEDG[1]" is stuck at GND
    Warning (13410): Pin "oLEDG[7]" is stuck at GND
    Warning (13410): Pin "oLEDR[1]" is stuck at GND
    Warning (13410): Pin "oLEDR[6]" is stuck at GND
    Warning (13410): Pin "oLEDR[7]" is stuck at GND
    Warning (13410): Pin "oLEDR[8]" is stuck at GND
    Warning (13410): Pin "oLEDR[9]" is stuck at GND
    Warning (13410): Pin "oLEDR[10]" is stuck at GND
    Warning (13410): Pin "oLEDR[13]" is stuck at GND
    Warning (13410): Pin "oHEX0_DP" is stuck at GND
    Warning (13410): Pin "oHEX1_DP" is stuck at GND
    Warning (13410): Pin "oHEX2_DP" is stuck at GND
    Warning (13410): Pin "oHEX3_DP" is stuck at GND
    Warning (13410): Pin "oHEX4_DP" is stuck at GND
    Warning (13410): Pin "oHEX5_DP" is stuck at GND
    Warning (13410): Pin "oHEX6_DP" is stuck at GND
    Warning (13410): Pin "oHEX7_DP" is stuck at GND
    Warning (13410): Pin "ETH1_TX[0]" is stuck at GND
    Warning (13410): Pin "ETH1_TX[1]" is stuck at GND
    Warning (13410): Pin "ETH1_TX_EN" is stuck at GND
    Warning (13410): Pin "ETH2_TX[0]" is stuck at GND
    Warning (13410): Pin "ETH2_TX[1]" is stuck at GND
    Warning (13410): Pin "ETH2_TX_EN" is stuck at GND
Info (17049): 1 registers lost all their fanouts during netlist optimizations.
Info (16010): Generating hard_block partition "hard_block:auto_generated_inst"
    Info (16011): Adding 0 node(s), including 0 DDIO, 0 PLL, 0 transceiver and 0 LCELL
Warning (21074): Design contains 10 input pin(s) that do not drive logic
    Warning (15610): No output dependent on input pin "iKEY[0]"
    Warning (15610): No output dependent on input pin "iKEY[1]"
    Warning (15610): No output dependent on input pin "ETH1_MDIO"
    Warning (15610): No output dependent on input pin "ETH1_MDC"
    Warning (15610): No output dependent on input pin "ETH2_CRS"
    Warning (15610): No output dependent on input pin "ETH2_RX[0]"
    Warning (15610): No output dependent on input pin "ETH2_RX[1]"
    Warning (15610): No output dependent on input pin "ETH2_MDIO"
    Warning (15610): No output dependent on input pin "ETH2_MDC"
    Warning (15610): No output dependent on input pin "ETH2_CLK"
Info (21057): Implemented 496 device resources after synthesis - the final resource count might be different
    Info (21058): Implemented 17 input pins
    Info (21059): Implemented 97 output pins
    Info (21061): Implemented 382 logic cells
Info: Quartus II 64-Bit Analysis & Synthesis was successful. 0 errors, 64 warnings
    Info: Peak virtual memory: 531 megabytes
    Info: Processing ended: Wed Dec 07 13:13:30 2016
    Info: Elapsed time: 00:00:02
    Info: Total CPU time (on all processors): 00:00:02


