------------------------------------------------------------
TimeQuest Timing Analyzer Summary
------------------------------------------------------------

Type  : Slow Model Setup 'RMII2MII:conv1|tx_clk'
Slack : -4.924
TNS   : -40.891

Type  : Slow Model Setup 'RMII2MII:conv1|rx_clk'
Slack : -4.899
TNS   : -690.526

Type  : Slow Model Setup 'RMII2MII:conv2|tx_clk'
Slack : -3.889
TNS   : -125.769

Type  : Slow Model Setup 'debounce:\generate_debouncers:2:deb1|result'
Slack : -3.339
TNS   : -3.339

Type  : Slow Model Setup 'ETH1_CLK'
Slack : -3.219
TNS   : -10.563

Type  : Slow Model Setup 'iCLK_50_2'
Slack : -1.802
TNS   : -31.938

Type  : Slow Model Setup 'ETH2_CLK'
Slack : -0.628
TNS   : -1.381

Type  : Slow Model Hold 'ETH1_CLK'
Slack : -3.830
TNS   : -22.722

Type  : Slow Model Hold 'debounce:\generate_debouncers:2:deb1|result'
Slack : -3.822
TNS   : -8.261

Type  : Slow Model Hold 'ETH2_CLK'
Slack : -3.112
TNS   : -5.580

Type  : Slow Model Hold 'RMII2MII:conv1|tx_clk'
Slack : -1.542
TNS   : -3.401

Type  : Slow Model Hold 'RMII2MII:conv1|rx_clk'
Slack : -0.981
TNS   : -5.807

Type  : Slow Model Hold 'iCLK_50_2'
Slack : -0.554
TNS   : -0.554

Type  : Slow Model Hold 'RMII2MII:conv2|tx_clk'
Slack : -0.483
TNS   : -1.932

Type  : Slow Model Recovery 'RMII2MII:conv1|tx_clk'
Slack : -1.768
TNS   : -3.536

Type  : Slow Model Recovery 'ETH1_CLK'
Slack : -1.036
TNS   : -8.990

Type  : Slow Model Recovery 'RMII2MII:conv1|rx_clk'
Slack : -0.986
TNS   : -52.492

Type  : Slow Model Recovery 'ETH2_CLK'
Slack : -0.388
TNS   : -1.813

Type  : Slow Model Recovery 'RMII2MII:conv2|tx_clk'
Slack : 0.602
TNS   : 0.000

Type  : Slow Model Removal 'RMII2MII:conv1|rx_clk'
Slack : -1.288
TNS   : -158.004

Type  : Slow Model Removal 'RMII2MII:conv1|tx_clk'
Slack : -0.858
TNS   : -2.574

Type  : Slow Model Removal 'RMII2MII:conv2|tx_clk'
Slack : -0.332
TNS   : -10.624

Type  : Slow Model Removal 'ETH1_CLK'
Slack : 0.516
TNS   : 0.000

Type  : Slow Model Removal 'ETH2_CLK'
Slack : 1.031
TNS   : 0.000

Type  : Slow Model Minimum Pulse Width 'iCLK_50_2'
Slack : -1.380
TNS   : -29.380

Type  : Slow Model Minimum Pulse Width 'ETH1_CLK'
Slack : -1.222
TNS   : -22.222

Type  : Slow Model Minimum Pulse Width 'ETH2_CLK'
Slack : -1.222
TNS   : -7.222

Type  : Slow Model Minimum Pulse Width 'RMII2MII:conv1|rx_clk'
Slack : -0.500
TNS   : -211.000

Type  : Slow Model Minimum Pulse Width 'RMII2MII:conv2|tx_clk'
Slack : -0.500
TNS   : -36.000

Type  : Slow Model Minimum Pulse Width 'RMII2MII:conv1|tx_clk'
Slack : -0.500
TNS   : -17.000

Type  : Slow Model Minimum Pulse Width 'debounce:\generate_debouncers:2:deb1|result'
Slack : 0.500
TNS   : 0.000

Type  : Fast Model Setup 'RMII2MII:conv1|tx_clk'
Slack : -2.190
TNS   : -16.641

Type  : Fast Model Setup 'RMII2MII:conv1|rx_clk'
Slack : -1.662
TNS   : -210.718

Type  : Fast Model Setup 'ETH1_CLK'
Slack : -1.435
TNS   : -2.556

Type  : Fast Model Setup 'RMII2MII:conv2|tx_clk'
Slack : -1.338
TNS   : -39.912

Type  : Fast Model Setup 'debounce:\generate_debouncers:2:deb1|result'
Slack : -1.209
TNS   : -1.209

Type  : Fast Model Setup 'iCLK_50_2'
Slack : -0.266
TNS   : -1.955

Type  : Fast Model Setup 'ETH2_CLK'
Slack : -0.147
TNS   : -0.288

Type  : Fast Model Hold 'debounce:\generate_debouncers:2:deb1|result'
Slack : -2.109
TNS   : -4.679

Type  : Fast Model Hold 'ETH1_CLK'
Slack : -1.994
TNS   : -12.703

Type  : Fast Model Hold 'ETH2_CLK'
Slack : -1.697
TNS   : -3.108

Type  : Fast Model Hold 'RMII2MII:conv1|tx_clk'
Slack : -1.061
TNS   : -2.610

Type  : Fast Model Hold 'RMII2MII:conv1|rx_clk'
Slack : -0.882
TNS   : -7.227

Type  : Fast Model Hold 'iCLK_50_2'
Slack : -0.762
TNS   : -0.762

Type  : Fast Model Hold 'RMII2MII:conv2|tx_clk'
Slack : -0.579
TNS   : -2.316

Type  : Fast Model Recovery 'RMII2MII:conv1|tx_clk'
Slack : -0.853
TNS   : -1.706

Type  : Fast Model Recovery 'ETH1_CLK'
Slack : -0.062
TNS   : -0.062

Type  : Fast Model Recovery 'RMII2MII:conv1|rx_clk'
Slack : -0.024
TNS   : -0.126

Type  : Fast Model Recovery 'ETH2_CLK'
Slack : 0.237
TNS   : 0.000

Type  : Fast Model Recovery 'RMII2MII:conv2|tx_clk'
Slack : 0.547
TNS   : 0.000

Type  : Fast Model Removal 'RMII2MII:conv1|rx_clk'
Slack : -0.684
TNS   : -85.426

Type  : Fast Model Removal 'RMII2MII:conv1|tx_clk'
Slack : -0.432
TNS   : -1.296

Type  : Fast Model Removal 'RMII2MII:conv2|tx_clk'
Slack : -0.167
TNS   : -5.344

Type  : Fast Model Removal 'ETH1_CLK'
Slack : 0.355
TNS   : 0.000

Type  : Fast Model Removal 'ETH2_CLK'
Slack : 0.581
TNS   : 0.000

Type  : Fast Model Minimum Pulse Width 'iCLK_50_2'
Slack : -1.380
TNS   : -29.380

Type  : Fast Model Minimum Pulse Width 'ETH1_CLK'
Slack : -1.222
TNS   : -22.222

Type  : Fast Model Minimum Pulse Width 'ETH2_CLK'
Slack : -1.222
TNS   : -7.222

Type  : Fast Model Minimum Pulse Width 'RMII2MII:conv1|rx_clk'
Slack : -0.500
TNS   : -211.000

Type  : Fast Model Minimum Pulse Width 'RMII2MII:conv2|tx_clk'
Slack : -0.500
TNS   : -36.000

Type  : Fast Model Minimum Pulse Width 'RMII2MII:conv1|tx_clk'
Slack : -0.500
TNS   : -17.000

Type  : Fast Model Minimum Pulse Width 'debounce:\generate_debouncers:2:deb1|result'
Slack : 0.500
TNS   : 0.000

------------------------------------------------------------
